  Entity.cpp
  Script.cpp
  Transform.cpp
  ContentLoader.cpp
  ContentToEngine.cpp
  Engine.cpp
  Main.cpp
  Camera.cpp
  D3D12Camera.cpp
  D3D12Content.cpp
  D3D12Core.cpp
  D3D12GPass.cpp
  D3D12Helpers.cpp
  D3D12Interface.cpp
  D3D12PostProcess.cpp
  D3D12Resource.cpp
  D3D12Shaders.cpp
  D3D12Surface.cpp
  D3D12Upload.cpp
  OpenGLCore.cpp
  OpenGLInterface.cpp
  Renderer.cpp
  VulkanCore.cpp
  VulkanInterface.cpp
  Platform.cpp
F:\HAL\Self\DXForgeEX\DXForgeEngine\Content\ContentLoader.cpp(142,14): warning C4189: 'entity_type': ローカル変数が初期化されましたが、参照されていません
F:\HAL\Self\DXForgeEX\DXForgeEngine\Graphics\Direct3D12\D3D12Helpers.h(360,1): warning C4324: 'dxforge::graphics::d3d12::d3dx::d3d12_pipeline_state_subobject<D3D12_PIPELINE_STATE_SUBOBJECT_TYPE_DEPTH_STENCIL1,D3D12_DEPTH_STENCIL_DESC1>': アラインメント指定子のために構造体がパッドされました (ソース ファイルをコンパイルしています Graphics\Direct3D12\D3D12GPass.cpp)
F:\HAL\Self\DXForgeEX\DXForgeEngine\Graphics\Direct3D12\D3D12GPass.cpp(126): message : コンパイル対象の クラス テンプレート インスタンス化 'dxforge::graphics::d3d12::d3dx::d3d12_pipeline_state_subobject<D3D12_PIPELINE_STATE_SUBOBJECT_TYPE_DEPTH_STENCIL1,D3D12_DEPTH_STENCIL_DESC1>' のリファレンスを確認してください
  DXForgeEngine.vcxproj -> F:\HAL\Self\DXForgeEX\x64\Debug\DXForgeEngine.lib
